// Jest Snapshot v1, https://goo.gl/fbAQLP

exports[`Cover tests Cover render test 1`] = `
<div>
  <div>
    <h1>
      some title
    </h1>
    <p>
      some text
    </p>
    <div
      data-testid="items-test-id"
    >
      <div
        data-testid="item-test-id-1"
      >
        <h3>
          item1
        </h3>
        <input
          type="checkbox"
        />
        <button
          type="button"
        />
      </div>
      <div
        data-testid="item-test-id-2"
      >
        <h3>
          item2
        </h3>
        <input
          type="checkbox"
        />
        <button
          type="button"
        />
      </div>
      <div
        data-testid="item-test-id-3"
      >
        <h3>
          item3
        </h3>
        <input
          type="checkbox"
        />
        <button
          type="button"
        />
      </div>
    </div>
  </div>
</div>
`;
